
> tinda-app@0.1.0 postinstall
> prisma generate

Prisma schema loaded from prisma/schema.prisma

✔ Generated Prisma Client (v6.19.0) to ./node_modules/@prisma/client in 168ms

Start by importing your Prisma Client (See: https://pris.ly/d/importing-client)

Tip: Interested in query caching in just a few lines of code? Try Accelerate today! https://pris.ly/tip-3-accelerate


added 109 packages, and audited 110 packages in 23s

20 packages are looking for funding
  run `npm fund` for details

7 vulnerabilities (6 high, 1 critical)

To address issues that do not require attention, run:
  npm audit fix

Some issues need review, and may require choosing
a different dependency.

Run `npm audit` for details.
Prisma schema loaded from prisma/schema.prisma

✔ Generated Prisma Client (v6.19.0) to ./node_modules/@prisma/client in 169ms

Start by importing your Prisma Client (See: https://pris.ly/d/importing-client)

Tip: Want to turn off tips and other hints? https://pris.ly/tip-4-nohints

{
  "apply_out": "/workspace/artifacts/daryal-import/2026-08-05T12-08-12-917Z-apply",
  "created_count": 22,
  "skipped_count": 0,
  "error_count": 0,
  "images_uploaded_count": 22,
  "existing_products_edited": false,
  "catalog_total_before": 623,
  "catalog_total_after": 645,
  "daryal_count_after": 22,
  "category_distribution_created": {
    "Газированные напитки": 16,
    "Минеральная вода": 6
  },
  "backup_sha256": "3f8cf723d7868f429be08d5b442da46c04c36aae66c38ce673baa710115b02e9"
}
