
> tinda-app@0.1.0 postinstall
> prisma generate

Prisma schema loaded from prisma/schema.prisma

✔ Generated Prisma Client (v6.19.0) to ./node_modules/@prisma/client in 165ms

Start by importing your Prisma Client (See: https://pris.ly/d/importing-client)

Tip: Want to turn off tips and other hints? https://pris.ly/tip-4-nohints


added 109 packages, and audited 110 packages in 22s

20 packages are looking for funding
  run `npm fund` for details

7 vulnerabilities (6 high, 1 critical)

To address issues that do not require attention, run:
  npm audit fix

Some issues need review, and may require choosing
a different dependency.

Run `npm audit` for details.
Prisma schema loaded from prisma/schema.prisma

✔ Generated Prisma Client (v6.19.0) to ./node_modules/@prisma/client in 206ms

Start by importing your Prisma Client (See: https://pris.ly/d/importing-client)

Tip: Interested in query caching in just a few lines of code? Try Accelerate today! https://pris.ly/tip-3-accelerate

# AquAlania APPLY REPORT

- started: 2026-08-05T13:11:18.526Z
- backup: `/backups/tinda-prod-aqualania-20260805-131023.sql`
- backup sha256: `7b7043bedf0cba75ee064f0243c979a78b988b8f0372c098e2e70f2183b20861`
- created: **25**
- skipped existing: **0**
- errors: **0**
- images uploaded: **25**
- existing products edited: **false**
- catalog: 645 → 670

